[pod/example-zone1-vtctld-1d4dcad0-748dc5ff45-gz2b5/vtctld] Flag --grpc_port has been deprecated, use --grpc-port instead 
[pod/example-zone1-vtctld-1d4dcad0-748dc5ff45-gz2b5/vtctld] Flag --service_map has been deprecated, use --service-map instead 
[pod/example-zone1-vtctld-1d4dcad0-748dc5ff45-gz2b5/vtctld] Flag --topo_global_root has been deprecated, use --topo-global-root instead 
[pod/example-zone1-vtctld-1d4dcad0-748dc5ff45-gz2b5/vtctld] Flag --topo_global_server_address has been deprecated, use --topo-global-server-address instead 
[pod/example-zone1-vtctld-1d4dcad0-748dc5ff45-gz2b5/vtctld] Flag --topo_implementation has been deprecated, use --topo-implementation instead 
[pod/example-zone1-vtctld-1d4dcad0-748dc5ff45-gz2b5/vtctld] I0212 18:42:29.547711       1 servenv_unix.go:57] Version: 23.0.0 (Git revision bee41a670a0e18e7400364712263bab171ee89dc branch 'HEAD') built on Tue Nov  4 14:37:43 UTC 2025 by vitess@buildkitsandbox using go1.25.1 linux/amd64
[pod/example-zone1-vtctld-1d4dcad0-748dc5ff45-gz2b5/vtctld] E0212 18:42:29.548190       1 syslogger.go:171] can't connect to syslog: Unix syslog delivery error
[pod/example-zone1-vtctld-1d4dcad0-748dc5ff45-gz2b5/vtctld] I0212 18:42:29.615772       1 grpc_server.go:237] Setting grpc max message size to 16777216
[pod/example-zone1-vtctld-1d4dcad0-748dc5ff45-gz2b5/vtctld] I0212 18:42:29.615797       1 grpc_server.go:446] Building interceptors with 0 unary interceptors and 0 stream interceptors
[pod/example-zone1-vtctld-1d4dcad0-748dc5ff45-gz2b5/vtctld] I0212 18:42:29.691731       1 service_map.go:67] Registering vtctld for grpc, disable it with -grpc-vtctld service-map parameter
[pod/example-zone1-vtctld-1d4dcad0-748dc5ff45-gz2b5/vtctld] I0212 18:42:29.691945       1 service_map.go:67] Registering vtctl for grpc, disable it with -grpc-vtctl service-map parameter
[pod/example-zone1-vtctld-1d4dcad0-748dc5ff45-gz2b5/vtctld] I0212 18:42:29.691978       1 init.go:39] Initializing opentsdb backend...
[pod/example-zone1-vtctld-1d4dcad0-748dc5ff45-gz2b5/vtctld] I0212 18:42:29.692015       1 init.go:42] Failed to initialize singleton opentsdb backend: cannot create opentsdb PushBackend with empty --opentsdb-uri
[pod/example-zone1-vtctld-1d4dcad0-748dc5ff45-gz2b5/vtctld] I0212 18:42:29.696211       1 grpc_server.go:325] Listening for gRPC calls on port 15999
[pod/example-zone1-vtctld-1d4dcad0-748dc5ff45-gz2b5/vtctld] I0212 18:42:29.697860       1 unix_socket.go:38] Not listening on socket file
[pod/example-zone1-vtctld-1d4dcad0-748dc5ff45-gz2b5/vtctld] I0212 18:52:51.322929       1 server.go:231] VtctldServer.ApplySchema: keyspace=benchmark, migrationContext=, ddlStrategy=direct, batchSize=0
[pod/example-zone1-vtctld-1d4dcad0-748dc5ff45-gz2b5/vtctld] I0212 18:52:51.325436       1 plain_controller.go:72] Successfully read all schema changes.
[pod/example-zone1-vtctld-1d4dcad0-748dc5ff45-gz2b5/vtctld] I0212 18:52:51.345030       1 plain_controller.go:84] Successfully validated all SQL statements.
[pod/example-zone1-vtctld-1d4dcad0-748dc5ff45-gz2b5/vtctld] I0212 18:52:51.345059       1 locks.go:166] Locking keyspace benchmark for action ApplySchemaKeyspace with options: {lockType:0 ttl:0}
[pod/example-zone1-vtctld-1d4dcad0-748dc5ff45-gz2b5/vtctld] I0212 18:52:52.059057       1 locks.go:218] Unlocking keyspace benchmark for successful action ApplySchemaKeyspace
[pod/example-zone1-vtctld-1d4dcad0-748dc5ff45-gz2b5/vtctld] I0212 18:52:52.064281       1 plain_controller.go:97] Executor finished, result: {
[pod/example-zone1-vtctld-1d4dcad0-748dc5ff45-gz2b5/vtctld]   "FailedShards": [],
[pod/example-zone1-vtctld-1d4dcad0-748dc5ff45-gz2b5/vtctld]   "SuccessShards": [
[pod/example-zone1-vtctld-1d4dcad0-748dc5ff45-gz2b5/vtctld]     {
[pod/example-zone1-vtctld-1d4dcad0-748dc5ff45-gz2b5/vtctld]       "Shard": "-33",
[pod/example-zone1-vtctld-1d4dcad0-748dc5ff45-gz2b5/vtctld]       "Results": [
[pod/example-zone1-vtctld-1d4dcad0-748dc5ff45-gz2b5/vtctld]         {}
[pod/example-zone1-vtctld-1d4dcad0-748dc5ff45-gz2b5/vtctld]       ],
[pod/example-zone1-vtctld-1d4dcad0-748dc5ff45-gz2b5/vtctld]       "Position": "MySQL56/96212b72-0842-11f1-a59b-c660c62f48c7:1-35"
[pod/example-zone1-vtctld-1d4dcad0-748dc5ff45-gz2b5/vtctld]     },
[pod/example-zone1-vtctld-1d4dcad0-748dc5ff45-gz2b5/vtctld]     {
[pod/example-zone1-vtctld-1d4dcad0-748dc5ff45-gz2b5/vtctld]       "Shard": "99-cc",
[pod/example-zone1-vtctld-1d4dcad0-748dc5ff45-gz2b5/vtctld]       "Results": [
[pod/example-zone1-vtctld-1d4dcad0-748dc5ff45-gz2b5/vtctld]         {}
[pod/example-zone1-vtctld-1d4dcad0-748dc5ff45-gz2b5/vtctld]       ],
[pod/example-zone1-vtctld-1d4dcad0-748dc5ff45-gz2b5/vtctld]       "Position": "MySQL56/95ae00f6-0842-11f1-94a0-224f0aa9ebc4:1-35"
[pod/example-zone1-vtctld-1d4dcad0-748dc5ff45-gz2b5/vtctld]     },
[pod/example-zone1-vtctld-1d4dcad0-748dc5ff45-gz2b5/vtctld]     {
[pod/example-zone1-vtctld-1d4dcad0-748dc5ff45-gz2b5/vtctld]       "Shard": "66-99",
[pod/example-zone1-vtctld-1d4dcad0-748dc5ff45-gz2b5/vtctld]       "Results": [
[pod/example-zone1-vtctld-1d4dcad0-748dc5ff45-gz2b5/vtctld]         {}
[pod/example-zone1-vtctld-1d4dcad0-748dc5ff45-gz2b5/vtctld]       ],
[pod/example-zone1-vtctld-1d4dcad0-748dc5ff45-gz2b5/vtctld]       "Position": "MySQL56/94a8a97f-0842-11f1-8f82-52b42d9a0bb1:1-35"
[pod/example-zone1-vtctld-1d4dcad0-748dc5ff45-gz2b5/vtctld]     },
[pod/example-zone1-vtctld-1d4dcad0-748dc5ff45-gz2b5/vtctld]     {
[pod/example-zone1-vtctld-1d4dcad0-748dc5ff45-gz2b5/vtctld]       "Shard": "cc-",
[pod/example-zone1-vtctld-1d4dcad0-748dc5ff45-gz2b5/vtctld]       "Results": [
[pod/example-zone1-vtctld-1d4dcad0-748dc5ff45-gz2b5/vtctld]         {}
[pod/example-zone1-vtctld-1d4dcad0-748dc5ff45-gz2b5/vtctld]       ],
[pod/example-zone1-vtctld-1d4dcad0-748dc5ff45-gz2b5/vtctld]       "Position": "MySQL56/937aeb76-0842-11f1-bc3d-86d7f8eb84a9:1-35"
[pod/example-zone1-vtctld-1d4dcad0-748dc5ff45-gz2b5/vtctld]     },
[pod/example-zone1-vtctld-1d4dcad0-748dc5ff45-gz2b5/vtctld]     {
[pod/example-zone1-vtctld-1d4dcad0-748dc5ff45-gz2b5/vtctld]       "Shard": "33-66",
[pod/example-zone1-vtctld-1d4dcad0-748dc5ff45-gz2b5/vtctld]       "Results": [
[pod/example-zone1-vtctld-1d4dcad0-748dc5ff45-gz2b5/vtctld]         {}
[pod/example-zone1-vtctld-1d4dcad0-748dc5ff45-gz2b5/vtctld]       ],
[pod/example-zone1-vtctld-1d4dcad0-748dc5ff45-gz2b5/vtctld]       "Position": "MySQL56/91b8a115-0842-11f1-9548-269788537f47:1-35"
[pod/example-zone1-vtctld-1d4dcad0-748dc5ff45-gz2b5/vtctld]     }
[pod/example-zone1-vtctld-1d4dcad0-748dc5ff45-gz2b5/vtctld]   ],
[pod/example-zone1-vtctld-1d4dcad0-748dc5ff45-gz2b5/vtctld]   "CurSQLIndex": 9,
[pod/example-zone1-vtctld-1d4dcad0-748dc5ff45-gz2b5/vtctld]   "Sqls": [
[pod/example-zone1-vtctld-1d4dcad0-748dc5ff45-gz2b5/vtctld]     "CREATE TABLE IF NOT EXISTS `sbtest1` (\n  `id` int NOT NULL,\n  `k` int NOT NULL DEFAULT '0',\n  `c` char(120) COLLATE utf8mb4_unicode_ci NOT NULL DEFAULT '',\n  `pad` char(60) COLLATE utf8mb4_unicode_ci NOT NULL DEFAULT '',\n  PRIMARY KEY (`id`),\n  KEY `k_1` (`k`)\n) ENGINE=InnoDB DEFAULT CHARSET=utf8mb4 COLLATE=utf8mb4_unicode_ci",
[pod/example-zone1-vtctld-1d4dcad0-748dc5ff45-gz2b5/vtctld]     "CREATE TABLE IF NOT EXISTS `sbtest2` (\n  `id` int NOT NULL,\n  `k` int NOT NULL DEFAULT '0',\n  `c` char(120) COLLATE utf8mb4_unicode_ci NOT NULL DEFAULT '',\n  `pad` char(60) COLLATE utf8mb4_unicode_ci NOT NULL DEFAULT '',\n  PRIMARY KEY (`id`),\n  KEY `k_1` (`k`)\n) ENGINE=InnoDB DEFAULT CHARSET=utf8mb4 COLLATE=utf8mb4_unicode_ci",
[pod/example-zone1-vtctld-1d4dcad0-748dc5ff45-gz2b5/vtctld]     "CREATE TABLE IF NOT EXISTS `sbtest3` (\n  `id` int NOT NULL,\n  `k` int NOT NULL DEFAULT '0',\n  `c` char(120) COLLATE utf8mb4_unicode_ci NOT NULL DEFAULT '',\n  `pad` char(60) COLLATE utf8mb4_unicode_ci NOT NULL DEFAULT '',\n  PRIMARY KEY (`id`),\n  KEY `k_1` (`k`)\n) ENGINE=InnoDB DEFAULT CHARSET=utf8mb4 COLLATE=utf8mb4_unicode_ci",
[pod/example-zone1-vtctld-1d4dcad0-748dc5ff45-gz2b5/vtctld]     "CREATE TABLE IF NOT EXISTS `sbtest4` (\n  `id` int NOT NULL,\n  `k` int NOT NULL DEFAULT '0',\n  `c` char(120) COLLATE utf8mb4_unicode_ci NOT NULL DEFAULT '',\n  `pad` char(60) COLLATE utf8mb4_unicode_ci NOT NULL DEFAULT '',\n  PRIMARY KEY (`id`),\n  KEY `k_1` (`k`)\n) ENGINE=InnoDB DEFAULT CHARSET=utf8mb4 COLLATE=utf8mb4_unicode_ci",
[pod/example-zone1-vtctld-1d4dcad0-748dc5ff45-gz2b5/vtctld]     "CREATE TABLE IF NOT EXISTS `sbtest5` (\n  `id` int NOT NULL,\n  `k` int NOT NULL DEFAULT '0',\n  `c` char(120) COLLATE utf8mb4_unicode_ci NOT NULL DEFAULT '',\n  `pad` char(60) COLLATE utf8mb4_unicode_ci NOT NULL DEFAULT '',\n  PRIMARY KEY (`id`),\n  KEY `k_1` (`k`)\n) ENGINE=InnoDB DEFAULT CHARSET=utf8mb4 COLLATE=utf8mb4_unicode_ci",
[pod/example-zone1-vtctld-1d4dcad0-748dc5ff45-gz2b5/vtctld]     "CREATE TABLE IF NOT EXISTS `sbtest6` (\n  `id` int NOT NULL,\n  `k` int NOT NULL DEFAULT '0',\n  `c` char(120) COLLATE utf8mb4_unicode_ci NOT NULL DEFAULT '',\n  `pad` char(60) COLLATE utf8mb4_unicode_ci NOT NULL DEFAULT '',\n  PRIMARY KEY (`id`),\n  KEY `k_1` (`k`)\n) ENGINE=InnoDB DEFAULT CHARSET=utf8mb4 COLLATE=utf8mb4_unicode_ci",
[pod/example-zone1-vtctld-1d4dcad0-748dc5ff45-gz2b5/vtctld]     "CREATE TABLE IF NOT EXISTS `sbtest7` (\n  `id` int NOT NULL,\n  `k` int NOT NULL DEFAULT '0',\n  `c` char(120) COLLATE utf8mb4_unicode_ci NOT NULL DEFAULT '',\n  `pad` char(60) COLLATE utf8mb4_unicode_ci NOT NULL DEFAULT '',\n  PRIMARY KEY (`id`),\n  KEY `k_1` (`k`)\n) ENGINE=InnoDB DEFAULT CHARSET=utf8mb4 COLLATE=utf8mb4_unicode_ci",
[pod/example-zone1-vtctld-1d4dcad0-748dc5ff45-gz2b5/vtctld]     "CREATE TABLE IF NOT EXISTS `sbtest8` (\n  `id` int NOT NULL,\n  `k` int NOT NULL DEFAULT '0',\n  `c` char(120) COLLATE utf8mb4_unicode_ci NOT NULL DEFAULT '',\n  `pad` char(60) COLLATE utf8mb4_unicode_ci NOT NULL DEFAULT '',\n  PRIMARY KEY (`id`),\n  KEY `k_1` (`k`)\n) ENGINE=InnoDB DEFAULT CHARSET=utf8mb4 COLLATE=utf8mb4_unicode_ci",
[pod/example-zone1-vtctld-1d4dcad0-748dc5ff45-gz2b5/vtctld]     "CREATE TABLE IF NOT EXISTS `sbtest9` (\n  `id` int NOT NULL,\n  `k` int NOT NULL DEFAULT '0',\n  `c` char(120) COLLATE utf8mb4_unicode_ci NOT NULL DEFAULT '',\n  `pad` char(60) COLLATE utf8mb4_unicode_ci NOT NULL DEFAULT '',\n  PRIMARY KEY (`id`),\n  KEY `k_1` (`k`)\n) ENGINE=InnoDB DEFAULT CHARSET=utf8mb4 COLLATE=utf8mb4_unicode_ci",
[pod/example-zone1-vtctld-1d4dcad0-748dc5ff45-gz2b5/vtctld]     "CREATE TABLE IF NOT EXISTS `sbtest10` (\n  `id` int NOT NULL,\n  `k` int NOT NULL DEFAULT '0',\n  `c` char(120) COLLATE utf8mb4_unicode_ci NOT NULL DEFAULT '',\n  `pad` char(60) COLLATE utf8mb4_unicode_ci NOT NULL DEFAULT '',\n  PRIMARY KEY (`id`),\n  KEY `k_1` (`k`)\n) ENGINE=InnoDB DEFAULT CHARSET=utf8mb4 COLLATE=utf8mb4_unicode_ci"
[pod/example-zone1-vtctld-1d4dcad0-748dc5ff45-gz2b5/vtctld]   ],
[pod/example-zone1-vtctld-1d4dcad0-748dc5ff45-gz2b5/vtctld]   "UUIDs": null,
[pod/example-zone1-vtctld-1d4dcad0-748dc5ff45-gz2b5/vtctld]   "ExecutorErr": "",
[pod/example-zone1-vtctld-1d4dcad0-748dc5ff45-gz2b5/vtctld]   "TotalTimeSpent": 718960009
[pod/example-zone1-vtctld-1d4dcad0-748dc5ff45-gz2b5/vtctld] }
[pod/example-zone1-vtctld-1d4dcad0-748dc5ff45-gz2b5/vtctld] I0212 18:53:12.754708       1 vschema.go:72] successfully updated vschema for keyspace benchmark: sharded:true vindexes:{key:"hash" value:{type:"hash"}} tables:{key:"sbtest1" value:{column_vindexes:{column:"id" name:"hash"}}} tables:{key:"sbtest10" value:{column_vindexes:{column:"id" name:"hash"}}} tables:{key:"sbtest2" value:{column_vindexes:{column:"id" name:"hash"}}} tables:{key:"sbtest3" value:{column_vindexes:{column:"id" name:"hash"}}} tables:{key:"sbtest4" value:{column_vindexes:{column:"id" name:"hash"}}} tables:{key:"sbtest5" value:{column_vindexes:{column:"id" name:"hash"}}} tables:{key:"sbtest6" value:{column_vindexes:{column:"id" name:"hash"}}} tables:{key:"sbtest7" value:{column_vindexes:{column:"id" name:"hash"}}} tables:{key:"sbtest8" value:{column_vindexes:{column:"id" name:"hash"}}} tables:{key:"sbtest9" value:{column_vindexes:{column:"id" name:"hash"}}}
