nohup: ignoring input
***** RUNNING SEQUENCIAL BENCHMARKS WITH SYSBENCH *****
ENGINE: vitess
SCALE: media
ENVIRONMENT: aws
Preparando o banco de dados...
sysbench 1.0.20 (using system LuaJIT 2.1.0-beta3)

Creating table 'sbtest1'...
Inserting 100000 records into 'sbtest1'
Creating table 'sbtest2'...
Inserting 100000 records into 'sbtest2'
Creating table 'sbtest3'...
Inserting 100000 records into 'sbtest3'
Creating table 'sbtest4'...
Inserting 100000 records into 'sbtest4'
Creating table 'sbtest5'...
Inserting 100000 records into 'sbtest5'
Creating table 'sbtest6'...
Inserting 100000 records into 'sbtest6'
Creating table 'sbtest7'...
Inserting 100000 records into 'sbtest7'
Creating table 'sbtest8'...
Inserting 100000 records into 'sbtest8'
Creating table 'sbtest9'...
Inserting 100000 records into 'sbtest9'
Creating table 'sbtest10'...
Inserting 100000 records into 'sbtest10'
Banco de dados preparado.
2026-02-12 23:08:31: Iniciando teste read_1
2026-02-12 23:09:32: Teste read_1 finalizado
2026-02-12 23:09:32: Iniciando teste read_2
2026-02-12 23:10:33: Teste read_2 finalizado
2026-02-12 23:10:33: Iniciando teste read_3
2026-02-12 23:11:34: Teste read_3 finalizado
2026-02-12 23:11:34: Iniciando teste read_4
2026-02-12 23:12:35: Teste read_4 finalizado
2026-02-12 23:12:35: Iniciando teste read_5
2026-02-12 23:13:35: Teste read_5 finalizado
2026-02-12 23:13:35: Iniciando teste read_6
2026-02-12 23:14:36: Teste read_6 finalizado
2026-02-12 23:14:36: Iniciando teste read_7
2026-02-12 23:15:37: Teste read_7 finalizado
2026-02-12 23:15:37: Iniciando teste read_8
2026-02-12 23:16:37: Teste read_8 finalizado
2026-02-12 23:16:37: Iniciando teste read_9
2026-02-12 23:17:38: Teste read_9 finalizado
2026-02-12 23:17:38: Iniciando teste read_10
2026-02-12 23:18:39: Teste read_10 finalizado
2026-02-12 23:20:39: Iniciando teste write_1
2026-02-12 23:21:40: Teste write_1 finalizado
2026-02-12 23:21:40: Iniciando teste write_2
2026-02-12 23:22:41: Teste write_2 finalizado
2026-02-12 23:22:41: Iniciando teste write_3
2026-02-12 23:23:42: Teste write_3 finalizado
2026-02-12 23:23:42: Iniciando teste write_4
2026-02-12 23:24:43: Teste write_4 finalizado
2026-02-12 23:24:43: Iniciando teste write_5
2026-02-12 23:25:43: Teste write_5 finalizado
2026-02-12 23:25:43: Iniciando teste write_6
2026-02-12 23:26:44: Teste write_6 finalizado
2026-02-12 23:26:44: Iniciando teste write_7
2026-02-12 23:27:44: Teste write_7 finalizado
2026-02-12 23:27:44: Iniciando teste write_8
2026-02-12 23:28:45: Teste write_8 finalizado
2026-02-12 23:28:45: Iniciando teste write_9
2026-02-12 23:29:46: Teste write_9 finalizado
2026-02-12 23:29:46: Iniciando teste write_10
2026-02-12 23:30:47: Teste write_10 finalizado
2026-02-12 23:32:47: Iniciando teste update_1
2026-02-12 23:33:47: Teste update_1 finalizado
2026-02-12 23:33:47: Iniciando teste update_2
2026-02-12 23:34:47: Teste update_2 finalizado
2026-02-12 23:34:47: Iniciando teste update_3
2026-02-12 23:35:48: Teste update_3 finalizado
2026-02-12 23:35:48: Iniciando teste update_4
2026-02-12 23:36:48: Teste update_4 finalizado
2026-02-12 23:36:48: Iniciando teste update_5
2026-02-12 23:37:48: Teste update_5 finalizado
2026-02-12 23:37:48: Iniciando teste update_6
2026-02-12 23:38:49: Teste update_6 finalizado
2026-02-12 23:38:49: Iniciando teste update_7
2026-02-12 23:39:49: Teste update_7 finalizado
2026-02-12 23:39:49: Iniciando teste update_8
2026-02-12 23:40:49: Teste update_8 finalizado
2026-02-12 23:40:49: Iniciando teste update_9
2026-02-12 23:41:50: Teste update_9 finalizado
2026-02-12 23:41:50: Iniciando teste update_10
2026-02-12 23:42:50: Teste update_10 finalizado
2026-02-12 23:44:50: Iniciando teste delete_1
2026-02-12 23:45:50: Teste delete_1 finalizado
2026-02-12 23:45:50: Iniciando teste delete_2
2026-02-12 23:46:51: Teste delete_2 finalizado
2026-02-12 23:46:51: Iniciando teste delete_3
2026-02-12 23:47:51: Teste delete_3 finalizado
2026-02-12 23:47:51: Iniciando teste delete_4
2026-02-12 23:48:51: Teste delete_4 finalizado
2026-02-12 23:48:51: Iniciando teste delete_5
2026-02-12 23:49:52: Teste delete_5 finalizado
2026-02-12 23:49:52: Iniciando teste delete_6
2026-02-12 23:50:52: Teste delete_6 finalizado
2026-02-12 23:50:52: Iniciando teste delete_7
2026-02-12 23:51:52: Teste delete_7 finalizado
2026-02-12 23:51:52: Iniciando teste delete_8
2026-02-12 23:52:52: Teste delete_8 finalizado
2026-02-12 23:52:52: Iniciando teste delete_9
2026-02-12 23:53:52: Teste delete_9 finalizado
2026-02-12 23:53:52: Iniciando teste delete_10
2026-02-12 23:54:52: Teste delete_10 finalizado
Iniciando processamento dos logs e métricas...
[INFO] Resultado do teste delete_1 (vitess) processado.
[INFO] Resultado do teste delete_10 (vitess) processado.
[INFO] Resultado do teste delete_2 (vitess) processado.
[INFO] Resultado do teste delete_3 (vitess) processado.
[INFO] Resultado do teste delete_4 (vitess) processado.
[INFO] Resultado do teste delete_5 (vitess) processado.
[INFO] Resultado do teste delete_6 (vitess) processado.
[INFO] Resultado do teste delete_7 (vitess) processado.
[INFO] Resultado do teste delete_8 (vitess) processado.
[INFO] Resultado do teste delete_9 (vitess) processado.
[INFO] Resultado do teste read_1 (vitess) processado.
[INFO] Resultado do teste read_10 (vitess) processado.
[INFO] Resultado do teste read_2 (vitess) processado.
[INFO] Resultado do teste read_3 (vitess) processado.
[INFO] Resultado do teste read_4 (vitess) processado.
[INFO] Resultado do teste read_5 (vitess) processado.
[INFO] Resultado do teste read_6 (vitess) processado.
[INFO] Resultado do teste read_7 (vitess) processado.
[INFO] Resultado do teste read_8 (vitess) processado.
[INFO] Resultado do teste read_9 (vitess) processado.
[INFO] Resultado do teste update_1 (vitess) processado.
[INFO] Resultado do teste update_10 (vitess) processado.
[INFO] Resultado do teste update_2 (vitess) processado.
[INFO] Resultado do teste update_3 (vitess) processado.
[INFO] Resultado do teste update_4 (vitess) processado.
[INFO] Resultado do teste update_5 (vitess) processado.
[INFO] Resultado do teste update_6 (vitess) processado.
[INFO] Resultado do teste update_7 (vitess) processado.
[INFO] Resultado do teste update_8 (vitess) processado.
[INFO] Resultado do teste update_9 (vitess) processado.
[INFO] Resultado do teste write_1 (vitess) processado.
[INFO] Resultado do teste write_10 (vitess) processado.
[INFO] Resultado do teste write_2 (vitess) processado.
[INFO] Resultado do teste write_3 (vitess) processado.
[INFO] Resultado do teste write_4 (vitess) processado.
[INFO] Resultado do teste write_5 (vitess) processado.
[INFO] Resultado do teste write_6 (vitess) processado.
[INFO] Resultado do teste write_7 (vitess) processado.
[INFO] Resultado do teste write_8 (vitess) processado.
[INFO] Resultado do teste write_9 (vitess) processado.
Tudo pronto! CSV e JSON gerados.
